
/home/runner/work/exp-mlp-dei/exp-mlp-dei/experiment/simulation/notebook/script.js
  1170:44  warning  'e' is defined but never used  no-unused-vars

/home/runner/work/exp-mlp-dei/exp-mlp-dei/experiment/simulation/simulation/activationPlot.js
    6:7   warning  'ActivationPlotDrawer' is defined but never used  no-unused-vars
  225:15  warning  'scaleY' is assigned a value but never used       no-unused-vars

/home/runner/work/exp-mlp-dei/exp-mlp-dei/experiment/simulation/simulation/animationController.js
   6:7   warning  'AnimationController' is defined but never used  no-unused-vars
  95:48  warning  'bpController' is not defined                    no-undef
  96:7   warning  'bpController' is not defined                    no-undef

/home/runner/work/exp-mlp-dei/exp-mlp-dei/experiment/simulation/simulation/app.js
   23:27  warning  'NetworkRenderer' is not defined      no-undef
   23:57  warning  'MLPData' is not defined              no-undef
   24:31  warning  'AnimationController' is not defined  no-undef
   24:68  warning  'MLPData' is not defined              no-undef
   27:27  warning  'NetworkRenderer' is not defined      no-undef
   27:58  warning  'MLPData' is not defined              no-undef
   28:5   warning  'bpController' is not defined         no-undef
   28:24  warning  'BackpropController' is not defined   no-undef
   28:54  warning  'MLPData' is not defined              no-undef
   55:21  warning  'MLPData' is not defined              no-undef
  170:9   warning  'bpController' is not defined         no-undef
  170:23  warning  'bpController' is not defined         no-undef

/home/runner/work/exp-mlp-dei/exp-mlp-dei/experiment/simulation/simulation/backpropController.js
    7:7   warning  'BackpropController' is defined but never used      no-unused-vars
  501:5   warning  'bpController' is defined but never used            no-unused-vars
  504:10  warning  'goToActivationFunction' is defined but never used  no-unused-vars

/home/runner/work/exp-mlp-dei/exp-mlp-dei/experiment/simulation/simulation/dataAdapter.js
  180:38  warning  'module' is not defined  no-undef
  181:5   warning  'module' is not defined  no-undef

/home/runner/work/exp-mlp-dei/exp-mlp-dei/experiment/simulation/simulation/networkRenderer.js
    6:7   warning  'NetworkRenderer' is defined but never used       no-unused-vars
  126:15  warning  'layerLabels' is assigned a value but never used  no-unused-vars

✖ 25 problems (0 errors, 25 warnings)

